Archive member included because of file (symbol)

e:/apps/emblocks/share/em_armgcc/bin/../lib/gcc/arm-none-eabi/4.7.3/armv7e-m\libgcc.a(_arm_addsubdf3.o)
                              obj\debug\src\it_routines.o (__aeabi_i2d)
e:/apps/emblocks/share/em_armgcc/bin/../lib/gcc/arm-none-eabi/4.7.3/armv7e-m\libgcc.a(_arm_muldivdf3.o)
                              obj\debug\src\tools.o (__aeabi_dmul)
e:/apps/emblocks/share/em_armgcc/bin/../lib/gcc/arm-none-eabi/4.7.3/armv7e-m\libgcc.a(_arm_fixdfsi.o)
                              obj\debug\src\tools.o (__aeabi_d2iz)
e:/apps/emblocks/share/em_armgcc/bin/../lib/gcc/arm-none-eabi/4.7.3/../../../../arm-none-eabi/lib/armv7e-m\libc_n.a(lib_a-exit.o)
                              e:/apps/emblocks/share/em_armgcc/bin/../lib/gcc/arm-none-eabi/4.7.3/../../../../arm-none-eabi/lib/armv7e-m/crt0.o (exit)
e:/apps/emblocks/share/em_armgcc/bin/../lib/gcc/arm-none-eabi/4.7.3/../../../../arm-none-eabi/lib/armv7e-m\libc_n.a(lib_a-impure.o)
                              e:/apps/emblocks/share/em_armgcc/bin/../lib/gcc/arm-none-eabi/4.7.3/../../../../arm-none-eabi/lib/armv7e-m\libc_n.a(lib_a-exit.o) (_global_impure_ptr)
e:/apps/emblocks/share/em_armgcc/bin/../lib/gcc/arm-none-eabi/4.7.3/../../../../arm-none-eabi/lib/armv7e-m\libc_n.a(lib_a-init.o)
                              e:/apps/emblocks/share/em_armgcc/bin/../lib/gcc/arm-none-eabi/4.7.3/../../../../arm-none-eabi/lib/armv7e-m/crt0.o (__libc_init_array)
e:/apps/emblocks/share/em_armgcc/bin/../lib/gcc/arm-none-eabi/4.7.3/../../../../arm-none-eabi/lib/armv7e-m\libc_n.a(lib_a-memset.o)
                              e:/apps/emblocks/share/em_armgcc/bin/../lib/gcc/arm-none-eabi/4.7.3/../../../../arm-none-eabi/lib/armv7e-m/crt0.o (memset)
e:/apps/emblocks/share/em_armgcc/bin/../lib/gcc/arm-none-eabi/4.7.3/../../../../arm-none-eabi/lib/armv7e-m\libnosys.a(_exit.o)
                              e:/apps/emblocks/share/em_armgcc/bin/../lib/gcc/arm-none-eabi/4.7.3/../../../../arm-none-eabi/lib/armv7e-m\libc_n.a(lib_a-exit.o) (_exit)

Allocating common symbols
Common symbol       size              file

temp                0x159             obj\debug\src\communications.o
dev_info            0x32              obj\debug\src\tools.o

Discarded input sections

 .text          0x00000000        0x0 e:/apps/emblocks/share/em_armgcc/bin/../lib/gcc/arm-none-eabi/4.7.3/armv7e-m/crti.o
 .data          0x00000000        0x0 e:/apps/emblocks/share/em_armgcc/bin/../lib/gcc/arm-none-eabi/4.7.3/armv7e-m/crti.o
 .bss           0x00000000        0x0 e:/apps/emblocks/share/em_armgcc/bin/../lib/gcc/arm-none-eabi/4.7.3/armv7e-m/crti.o
 .data          0x00000000        0x4 e:/apps/emblocks/share/em_armgcc/bin/../lib/gcc/arm-none-eabi/4.7.3/armv7e-m/crtbegin.o
 .data          0x00000000        0x0 e:/apps/emblocks/share/em_armgcc/bin/../lib/gcc/arm-none-eabi/4.7.3/../../../../arm-none-eabi/lib/armv7e-m/crt0.o
 .bss           0x00000000        0x0 e:/apps/emblocks/share/em_armgcc/bin/../lib/gcc/arm-none-eabi/4.7.3/../../../../arm-none-eabi/lib/armv7e-m/crt0.o
 .ARM.extab     0x00000000        0x0 e:/apps/emblocks/share/em_armgcc/bin/../lib/gcc/arm-none-eabi/4.7.3/../../../../arm-none-eabi/lib/armv7e-m/crt0.o
 .group         0x00000000        0x8 obj\debug\spl\src\stm32f37x_adc.o
 .group         0x00000000        0x8 obj\debug\spl\src\stm32f37x_adc.o
 .group         0x00000000        0x8 obj\debug\spl\src\stm32f37x_adc.o
 .group         0x00000000        0x8 obj\debug\spl\src\stm32f37x_adc.o
 .group         0x00000000        0x8 obj\debug\spl\src\stm32f37x_adc.o
 .group         0x00000000        0x8 obj\debug\spl\src\stm32f37x_adc.o
 .group         0x00000000        0x8 obj\debug\spl\src\stm32f37x_adc.o
 .group         0x00000000        0x8 obj\debug\spl\src\stm32f37x_adc.o
 .group         0x00000000        0x8 obj\debug\spl\src\stm32f37x_adc.o
 .group         0x00000000        0x8 obj\debug\spl\src\stm32f37x_adc.o
 .group         0x00000000        0x8 obj\debug\spl\src\stm32f37x_adc.o
 .group         0x00000000        0x8 obj\debug\spl\src\stm32f37x_adc.o
 .group         0x00000000        0x8 obj\debug\spl\src\stm32f37x_adc.o
 .group         0x00000000        0x8 obj\debug\spl\src\stm32f37x_adc.o
 .group         0x00000000        0x8 obj\debug\spl\src\stm32f37x_adc.o
 .group         0x00000000        0x8 obj\debug\spl\src\stm32f37x_adc.o
 .group         0x00000000        0x8 obj\debug\spl\src\stm32f37x_adc.o
 .group         0x00000000        0x8 obj\debug\spl\src\stm32f37x_adc.o
 .group         0x00000000        0x8 obj\debug\spl\src\stm32f37x_adc.o
 .group         0x00000000        0x8 obj\debug\spl\src\stm32f37x_adc.o
 .group         0x00000000        0x8 obj\debug\spl\src\stm32f37x_adc.o
 .group         0x00000000        0x8 obj\debug\spl\src\stm32f37x_adc.o
 .group         0x00000000        0x8 obj\debug\spl\src\stm32f37x_adc.o
 .group         0x00000000        0x8 obj\debug\spl\src\stm32f37x_adc.o
[...]
Memory Configuration

Name             Origin             Length             Attributes
ROM              0x08000000         0x00040000         xr
RAM              0x20000000         0x00008000         xrw
*default*        0x00000000         0xffffffff

Linker script and memory map

LOAD e:/apps/emblocks/share/em_armgcc/bin/../lib/gcc/arm-none-eabi/4.7.3/armv7e-m/crti.o
LOAD e:/apps/emblocks/share/em_armgcc/bin/../lib/gcc/arm-none-eabi/4.7.3/armv7e-m/crtbegin.o
LOAD e:/apps/emblocks/share/em_armgcc/bin/../lib/gcc/arm-none-eabi/4.7.3/../../../../arm-none-eabi/lib/armv7e-m/crt0.o
                0x00000000                __HEAP_SIZE = 0x0
                0x00000100                __STACK_SIZE = 0x100

.text           0x08000000     0x408c
 *(.isr_vector)
 .isr_vector    0x08000000      0x188 obj\debug\src\startup_stm32f37x.o
                0x08000000                __isr_vector
 *(.text*)
 .text          0x08000188       0x54 e:/apps/emblocks/share/em_armgcc/bin/../lib/gcc/arm-none-eabi/4.7.3/armv7e-m/crtbegin.o
 .text          0x080001dc       0x74 e:/apps/emblocks/share/em_armgcc/bin/../lib/gcc/arm-none-eabi/4.7.3/../../../../arm-none-eabi/lib/armv7e-m/crt0.o
                0x080001dc                _start
                0x080001dc                _mainCRTStartup
 .text.EXTI_Init
                0x08000250      0x138 obj\debug\spl\src\stm32f37x_exti.o
                0x08000250                EXTI_Init
 .text.EXTI_ClearITPendingBit
                0x08000388       0x20 obj\debug\spl\src\stm32f37x_exti.o
                0x08000388                EXTI_ClearITPendingBit
 .text.GPIO_Init
                0x080003a8      0x150 obj\debug\spl\src\stm32f37x_gpio.o
                0x080003a8                GPIO_Init
 .text.GPIO_ReadInputDataBit
                0x080004f8       0x40 obj\debug\spl\src\stm32f37x_gpio.o
                0x080004f8                GPIO_ReadInputDataBit
 .text.GPIO_SetBits
                0x08000538       0x1c obj\debug\spl\src\stm32f37x_gpio.o
                0x08000538                GPIO_SetBits
 .text.GPIO_ResetBits
                0x08000554       0x1c obj\debug\spl\src\stm32f37x_gpio.o
                0x08000554                GPIO_ResetBits
 .text.GPIO_WriteBit
                0x08000570       0x30 obj\debug\spl\src\stm32f37x_gpio.o
                0x08000570                GPIO_WriteBit
 .text.GPIO_PinAFConfig
                0x080005a0       0xa8 obj\debug\spl\src\stm32f37x_gpio.o
                0x080005a0                GPIO_PinAFConfig
 .text.NVIC_PriorityGroupConfig
                0x08000648       0x28 obj\debug\spl\src\stm32f37x_misc.o
                0x08000648                NVIC_PriorityGroupConfig
 .text.NVIC_Init
                0x08000670       0xe8 obj\debug\spl\src\stm32f37x_misc.o
                0x08000670                NVIC_Init
 .text.RCC_DeInit
                0x08000758       0xc8 obj\debug\spl\src\stm32f37x_rcc.o
                0x08000758                RCC_DeInit
 .text.RCC_HSEConfig
                0x08000820       0x30 obj\debug\spl\src\stm32f37x_rcc.o
                0x08000820                RCC_HSEConfig
 .text.RCC_WaitForHSEStartUp
                0x08000850       0x64 obj\debug\spl\src\stm32f37x_rcc.o
                0x08000850                RCC_WaitForHSEStartUp
 .text.RCC_PLLConfig
                0x080008b4       0x48 obj\debug\spl\src\stm32f37x_rcc.o
                0x080008b4                RCC_PLLConfig
 .text.RCC_PLLCmd
                0x080008fc       0x20 obj\debug\spl\src\stm32f37x_rcc.o
                0x080008fc                RCC_PLLCmd
 .text.RCC_SYSCLKConfig
                0x0800091c       0x40 obj\debug\spl\src\stm32f37x_rcc.o
                0x0800091c                RCC_SYSCLKConfig
 .text.RCC_HCLKConfig
                0x0800095c       0x40 obj\debug\spl\src\stm32f37x_rcc.o
                0x0800095c                RCC_HCLKConfig
 .text.RCC_PCLK1Config
                0x0800099c       0x40 obj\debug\spl\src\stm32f37x_rcc.o
                0x0800099c                RCC_PCLK1Config
 .text.RCC_PCLK2Config
                0x080009dc       0x44 obj\debug\spl\src\stm32f37x_rcc.o
                0x080009dc                RCC_PCLK2Config
 .text.RCC_GetClocksFreq
                0x08000a20      0x3e0 obj\debug\spl\src\stm32f37x_rcc.o
                0x08000a20                RCC_GetClocksFreq
 .text.RCC_AHBPeriphClockCmd
                0x08000e00       0x54 obj\debug\spl\src\stm32f37x_rcc.o
                0x08000e00                RCC_AHBPeriphClockCmd
 .text.RCC_APB2PeriphClockCmd
                0x08000e54       0x54 obj\debug\spl\src\stm32f37x_rcc.o
                0x08000e54                RCC_APB2PeriphClockCmd
 .text.RCC_APB1PeriphClockCmd
                0x08000ea8       0x54 obj\debug\spl\src\stm32f37x_rcc.o
                0x08000ea8                RCC_APB1PeriphClockCmd
 .text.RCC_APB2PeriphResetCmd
                0x08000efc       0x54 obj\debug\spl\src\stm32f37x_rcc.o
                0x08000efc                RCC_APB2PeriphResetCmd
 .text.RCC_APB1PeriphResetCmd
                0x08000f50       0x54 obj\debug\spl\src\stm32f37x_rcc.o
                0x08000f50                RCC_APB1PeriphResetCmd
 .text.RCC_GetFlagStatus
                0x08000fa4       0x90 obj\debug\spl\src\stm32f37x_rcc.o
                0x08000fa4                RCC_GetFlagStatus
 .text.SPI_Init
                0x08001034       0xb4 obj\debug\spl\src\stm32f37x_spi.o
                0x08001034                SPI_Init
 .text.SPI_Cmd  0x080010e8       0x40 obj\debug\spl\src\stm32f37x_spi.o
                0x080010e8                SPI_Cmd
 .text.SPI_RxFIFOThresholdConfig
                0x08001128       0x38 obj\debug\spl\src\stm32f37x_spi.o
                0x08001128                SPI_RxFIFOThresholdConfig
 .text.SPI_SendData8
                0x08001160       0x30 obj\debug\spl\src\stm32f37x_spi.o
                0x08001160                SPI_SendData8
 .text.SPI_ReceiveData8
                0x08001190       0x2c obj\debug\spl\src\stm32f37x_spi.o
                0x08001190                SPI_ReceiveData8
 .text.SPI_GetTransmissionFIFOStatus
                0x080011bc       0x20 obj\debug\spl\src\stm32f37x_spi.o
                0x080011bc                SPI_GetTransmissionFIFOStatus
 .text.SPI_GetReceptionFIFOStatus
                0x080011dc       0x20 obj\debug\spl\src\stm32f37x_spi.o
                0x080011dc                SPI_GetReceptionFIFOStatus
 .text.SPI_I2S_GetFlagStatus
                0x080011fc       0x40 obj\debug\spl\src\stm32f37x_spi.o
                0x080011fc                SPI_I2S_GetFlagStatus
 .text.SYSCFG_EXTILineConfig
                0x0800123c       0xb0 obj\debug\spl\src\stm32f37x_syscfg.o
                0x0800123c                SYSCFG_EXTILineConfig
 .text.TIM_DeInit
                0x080012ec      0x238 obj\debug\spl\src\stm32f37x_tim.o
                0x080012ec                TIM_DeInit
 .text.TIM_TimeBaseInit
                0x08001524      0x100 obj\debug\spl\src\stm32f37x_tim.o
                0x08001524                TIM_TimeBaseInit
 .text.TIM_Cmd  0x08001624       0x40 obj\debug\spl\src\stm32f37x_tim.o
                0x08001624                TIM_Cmd
 .text.TIM_PWMIConfig
                0x08001664       0xc4 obj\debug\spl\src\stm32f37x_tim.o
                0x08001664                TIM_PWMIConfig
 .text.TIM_GetCapture2
                0x08001728       0x18 obj\debug\spl\src\stm32f37x_tim.o
                0x08001728                TIM_GetCapture2
 .text.TIM_SetIC1Prescaler
                0x08001740       0x38 obj\debug\spl\src\stm32f37x_tim.o
                0x08001740                TIM_SetIC1Prescaler
 .text.TIM_SetIC2Prescaler
                0x08001778       0x3c obj\debug\spl\src\stm32f37x_tim.o
                0x08001778                TIM_SetIC2Prescaler
 .text.TIM_ITConfig
                0x080017b4       0x48 obj\debug\spl\src\stm32f37x_tim.o
                0x080017b4                TIM_ITConfig
 .text.TIM_GetFlagStatus
                0x080017fc       0x40 obj\debug\spl\src\stm32f37x_tim.o
                0x080017fc                TIM_GetFlagStatus
 .text.TIM_ClearITPendingBit
                0x0800183c       0x24 obj\debug\spl\src\stm32f37x_tim.o
                0x0800183c                TIM_ClearITPendingBit
 .text.TIM_SelectInputTrigger
                0x08001860       0x38 obj\debug\spl\src\stm32f37x_tim.o
                0x08001860                TIM_SelectInputTrigger
 .text.TIM_SelectSlaveMode
                0x08001898       0x38 obj\debug\spl\src\stm32f37x_tim.o
                0x08001898                TIM_SelectSlaveMode
 .text.TIM_SelectMasterSlaveMode
                0x080018d0       0x38 obj\debug\spl\src\stm32f37x_tim.o
                0x080018d0                TIM_SelectMasterSlaveMode
 .text.TIM_EncoderInterfaceConfig
                0x08001908       0x94 obj\debug\spl\src\stm32f37x_tim.o
                0x08001908                TIM_EncoderInterfaceConfig
 .text.TI1_Config
                0x0800199c       0x80 obj\debug\spl\src\stm32f37x_tim.o
 .text.TI2_Config
                0x08001a1c       0x9c obj\debug\spl\src\stm32f37x_tim.o
 .text.USART_Init
                0x08001ab8      0x168 obj\debug\spl\src\stm32f37x_usart.o
                0x08001ab8                USART_Init
 .text.USART_Cmd
                0x08001c20       0x38 obj\debug\spl\src\stm32f37x_usart.o
                0x08001c20                USART_Cmd
 .text.USART_SendData
                0x08001c58       0x28 obj\debug\spl\src\stm32f37x_usart.o
                0x08001c58                USART_SendData
 .text.USART_ReceiveData
                0x08001c80       0x24 obj\debug\spl\src\stm32f37x_usart.o
                0x08001c80                USART_ReceiveData
 .text.USART_ITConfig
                0x08001ca4       0x94 obj\debug\spl\src\stm32f37x_usart.o
                0x08001ca4                USART_ITConfig
 .text.USART_GetFlagStatus
                0x08001d38       0x38 obj\debug\spl\src\stm32f37x_usart.o
                0x08001d38                USART_GetFlagStatus
 .text.USART_GetITStatus
                0x08001d70       0xb4 obj\debug\spl\src\stm32f37x_usart.o
                0x08001d70                USART_GetITStatus
 .text.USART_ClearITPendingBit
                0x08001e24       0x3c obj\debug\spl\src\stm32f37x_usart.o
                0x08001e24                USART_ClearITPendingBit
 .text.TIM2_IRQHandler
                0x08001e60       0xc8 obj\debug\src\it_routines.o
                0x08001e60                TIM2_IRQHandler
 .text.TIM4_IRQHandler
                0x08001f28       0x44 obj\debug\src\it_routines.o
                0x08001f28                TIM4_IRQHandler
 .text.EXTI0_IRQHandler
                0x08001f6c       0x28 obj\debug\src\it_routines.o
                0x08001f6c                EXTI0_IRQHandler
 .text.Init_M95160_eeprom
                0x08001f94      0x180 obj\debug\src\m95160_eeprom.o
                0x08001f94                Init_M95160_eeprom
 .text.M95160_Write_EN
                0x08002114       0x24 obj\debug\src\m95160_eeprom.o
                0x08002114                M95160_Write_EN
 .text.M95160_Write
                0x08002138       0xa4 obj\debug\src\m95160_eeprom.o
                0x08002138                M95160_Write
 .text.M95160_Read
                0x080021dc      0x124 obj\debug\src\m95160_eeprom.o
                0x080021dc                M95160_Read
 .text.M95160_Select
                0x08002300       0x18 obj\debug\src\m95160_eeprom.o
                0x08002300                M95160_Select
 .text.M95160_DeSelect
                0x08002318       0x30 obj\debug\src\m95160_eeprom.o
                0x08002318                M95160_DeSelect
 .text.M95160_Discard
                0x08002348       0x44 obj\debug\src\m95160_eeprom.o
                0x08002348                M95160_Discard
 .text.PP_Write
                0x0800238c       0xf0 obj\debug\src\pp_prot.o
                0x0800238c                PP_Write
 .text.PP_Write_withCMD
                0x0800247c       0x8c obj\debug\src\pp_prot.o
                0x0800247c                PP_Write_withCMD
 .text.PP_Reader
                0x08002508      0x180 obj\debug\src\pp_prot.o
                0x08002508                PP_Reader
 .text.PP_Acknowledge
                0x08002688       0x18 obj\debug\src\pp_prot.o
                0x08002688                PP_Acknowledge
 .text.NVIC_SystemReset
                0x080026a0       0x30 obj\debug\src\communications.o
 .text.MSG_Handler
                0x080026d0      0x480 obj\debug\src\communications.o
                0x080026d0                MSG_Handler
 .text.USART1_IRQHandler
                0x08002b50       0x80 obj\debug\src\communications.o
                0x08002b50                USART1_IRQHandler
 .text.init_Peripherials
                0x08002bd0       0x24 obj\debug\src\config.o
                0x08002bd0                init_Peripherials
 .text.IO_init  0x08002bf4      0x13c obj\debug\src\config.o
                0x08002bf4                IO_init
 .text.init_communication
                0x08002d30       0x9c obj\debug\src\config.o
                0x08002d30                init_communication
 .text.config_timing
                0x08002dcc      0x178 obj\debug\src\config.o
                0x08002dcc                config_timing
 .text.init_IT_routines
                0x08002f44       0x5c obj\debug\src\config.o
                0x08002f44                init_IT_routines
 .text.clock_config
                0x08002fa0       0x6c obj\debug\src\config.o
                0x08002fa0                clock_config
 .text.init_exti
                0x0800300c       0x6c obj\debug\src\config.o
                0x0800300c                init_exti
 .text.LED_Color
                0x08003078       0x98 obj\debug\src\gpio_p.o
                0x08003078                LED_Color
 .text.main     0x08003110       0x34 obj\debug\src\main.o
                0x08003110                main
 .text          0x08003144       0xe4 obj\debug\src\startup_stm32f37x.o
                0x08003144                Reset_Handler
                0x0800318a                NMI_Handler
                0x0800318c                HardFault_Handler
                0x0800318e                MemManage_Handler
                0x08003190                BusFault_Handler
                0x08003192                UsageFault_Handler
                0x08003194                SVC_Handler
                0x08003196                DebugMon_Handler
                0x08003198                PendSV_Handler
                0x0800319a                SysTick_Handler
                0x0800319c                Default_Handler
                0x0800319e                WWDG_IRQHandler
                0x080031a0                PVD_IRQHandler
                0x080031a2                TAMPER_STAMP_IRQHandler
                0x080031a4                RTC_WKUP_IRQHandler
                0x080031a6                FLASH_IRQHandler
                0x080031a8                RCC_IRQHandler
                0x080031ac                EXTI1_IRQHandler
                0x080031ae                EXTI2_TS_IRQHandler
                0x080031b0                EXTI3_IRQHandler
                0x080031b2                EXTI4_IRQHandler
                0x080031b4                DMA1_Channel1_IRQHandler
                0x080031b6                DMA1_Channel2_IRQHandler
                0x080031b8                DMA1_Channel3_IRQHandler
                0x080031ba                DMA1_Channel4_IRQHandler
                0x080031bc                DMA1_Channel5_IRQHandler
                0x080031be                DMA1_Channel6_IRQHandler
                0x080031c0                DMA1_Channel7_IRQHandler
                0x080031c2                ADC1_IRQHandler
                0x080031c4                CAN1_TX_IRQHandler
                0x080031c6                CAN1_RX0_IRQHandler
                0x080031c8                CAN1_RX1_IRQHandler
                0x080031ca                CAN1_SCE_IRQHandler
                0x080031cc                EXTI9_5_IRQHandler
                0x080031ce                TIM15_IRQHandler
                0x080031d0                TIM16_IRQHandler
                0x080031d2                TIM17_IRQHandler
                0x080031d4                TIM18_DAC2_IRQHandler
                0x080031d8                TIM3_IRQHandler
                0x080031dc                I2C1_EV_IRQHandler
                0x080031de                I2C1_ER_IRQHandler
                0x080031e0                I2C2_EV_IRQHandler
                0x080031e2                I2C2_ER_IRQHandler
                0x080031e4                SPI1_IRQHandler
                0x080031e6                SPI2_IRQHandler
                0x080031ea                USART2_IRQHandler
                0x080031ec                USART3_IRQHandler
                0x080031ee                EXTI15_10_IRQHandler
                0x080031f0                RTC_Alarm_IRQHandler
                0x080031f2                CEC_IRQHandler
                0x080031f4                TIM12_IRQHandler
                0x080031f6                TIM13_IRQHandler
                0x080031f8                TIM14_IRQHandler
                0x080031fa                TIM5_IRQHandler
                0x080031fc                SPI3_IRQHandler
                0x080031fe                TIM6_DAC1_IRQHandler
                0x08003200                TIM7_IRQHandler
                0x08003202                DMA2_Channel1_IRQHandler
                0x08003204                DMA2_Channel2_IRQHandler
                0x08003206                DMA2_Channel3_IRQHandler
                0x08003208                DMA2_Channel4_IRQHandler
                0x0800320a                DMA2_Channel5_IRQHandler
                0x0800320c                SDADC1_IRQHandler
                0x0800320e                SDADC2_IRQHandler
                0x08003210                SDADC3_IRQHandler
                0x08003212                COMP_IRQHandler
                0x08003214                USB_HP_IRQHandler
                0x08003216                USB_LP_IRQHandler
                0x08003218                USBWakeUp_IRQHandler
                0x0800321a                TIM19_IRQHandler
                0x0800321c                FPU_IRQHandler
 .text.SystemInit
                0x08003228       0xd8 obj\debug\src\system_stm32f37x.o
                0x08003228                SystemInit
 .text.SetSysClock
                0x08003300      0x170 obj\debug\src\system_stm32f37x.o
 .text.data_to_char_array
                0x08003470       0xd8 obj\debug\src\tools.o
                0x08003470                data_to_char_array
 .text.Load_Device_info
                0x08003548      0x1d8 obj\debug\src\tools.o
                0x08003548                Load_Device_info
 .text.Save_Device_Info
                0x08003720       0xa4 obj\debug\src\tools.o
                0x08003720                Save_Device_Info
 .text          0x080037c4      0x370 e:/apps/emblocks/share/em_armgcc/bin/../lib/gcc/arm-none-eabi/4.7.3/armv7e-m\libgcc.a(_arm_addsubdf3.o)
                0x080037c4                __aeabi_drsub
                0x080037cc                __aeabi_dsub
                0x080037cc                __subdf3
                0x080037d0                __aeabi_dadd
                0x080037d0                __adddf3
                0x08003a48                __floatunsidf
                0x08003a48                __aeabi_ui2d
                0x08003a68                __floatsidf
                0x08003a68                __aeabi_i2d
                0x08003a8c                __aeabi_f2d
                0x08003a8c                __extendsfdf2
                0x08003ac8                __floatundidf
                0x08003ac8                __aeabi_ul2d
                0x08003ad8                __floatdidf
                0x08003ad8                __aeabi_l2d
 .text          0x08003b34      0x424 e:/apps/emblocks/share/em_armgcc/bin/../lib/gcc/arm-none-eabi/4.7.3/armv7e-m\libgcc.a(_arm_muldivdf3.o)
                0x08003b34                __aeabi_dmul
                0x08003b34                __muldf3
                0x08003d88                __divdf3
                0x08003d88                __aeabi_ddiv
 .text          0x08003f58       0x50 e:/apps/emblocks/share/em_armgcc/bin/../lib/gcc/arm-none-eabi/4.7.3/armv7e-m\libgcc.a(_arm_fixdfsi.o)
                0x08003f58                __aeabi_d2iz
                0x08003f58                __fixdfsi
 .text.exit     0x08003fa8       0x28 e:/apps/emblocks/share/em_armgcc/bin/../lib/gcc/arm-none-eabi/4.7.3/../../../../arm-none-eabi/lib/armv7e-m\libc_n.a(lib_a-exit.o)
                0x08003fa8                exit
 .text.__libc_init_array
                0x08003fd0       0x4c e:/apps/emblocks/share/em_armgcc/bin/../lib/gcc/arm-none-eabi/4.7.3/../../../../arm-none-eabi/lib/armv7e-m\libc_n.a(lib_a-init.o)
                0x08003fd0                __libc_init_array
 .text.memset   0x0800401c       0x10 e:/apps/emblocks/share/em_armgcc/bin/../lib/gcc/arm-none-eabi/4.7.3/../../../../arm-none-eabi/lib/armv7e-m\libc_n.a(lib_a-memset.o)
                0x0800401c                memset
 .text._exit    0x0800402c        0x4 e:/apps/emblocks/share/em_armgcc/bin/../lib/gcc/arm-none-eabi/4.7.3/../../../../arm-none-eabi/lib/armv7e-m\libnosys.a(_exit.o)
                0x0800402c                _exit
 *(.init)
 .init          0x08004030        0x4 e:/apps/emblocks/share/em_armgcc/bin/../lib/gcc/arm-none-eabi/4.7.3/armv7e-m/crti.o
                0x08004030                _init
 .init          0x08004034        0x8 e:/apps/emblocks/share/em_armgcc/bin/../lib/gcc/arm-none-eabi/4.7.3/armv7e-m/crtn.o
 *(.fini)
 .fini          0x0800403c        0x4 e:/apps/emblocks/share/em_armgcc/bin/../lib/gcc/arm-none-eabi/4.7.3/armv7e-m/crti.o
                0x0800403c                _fini
 .fini          0x08004040        0x8 e:/apps/emblocks/share/em_armgcc/bin/../lib/gcc/arm-none-eabi/4.7.3/armv7e-m/crtn.o
 *crtbegin.o(.ctors)
 *crtbegin?.o(.ctors)
 *(EXCLUDE_FILE(*crtend.o *crtend?.o) .ctors)
 *(SORT(.ctors.*))
 *(.ctors)
 *crtbegin.o(.dtors)
 *crtbegin?.o(.dtors)
 *(EXCLUDE_FILE(*crtend.o *crtend?.o) .dtors)
 *(SORT(.dtors.*))
 *(.dtors)
 *(.rodata*)
 .rodata        0x08004048        0x4 obj\debug\src\pp_prot.o
 .rodata        0x0800404c       0x20 obj\debug\src\communications.o
 .rodata        0x0800406c       0x14 obj\debug\src\tools.o
 .rodata.str1.1
                0x08004080        0x2 e:/apps/emblocks/share/em_armgcc/bin/../lib/gcc/arm-none-eabi/4.7.3/../../../../arm-none-eabi/lib/armv7e-m\libc_n.a(lib_a-impure.o)
 *fill*         0x08004082        0x2 
 .rodata._global_impure_ptr
                0x08004084        0x4 e:/apps/emblocks/share/em_armgcc/bin/../lib/gcc/arm-none-eabi/4.7.3/../../../../arm-none-eabi/lib/armv7e-m\libc_n.a(lib_a-impure.o)
                0x08004084                _global_impure_ptr
 *(.eh_frame*)
 .eh_frame      0x08004088        0x0 e:/apps/emblocks/share/em_armgcc/bin/../lib/gcc/arm-none-eabi/4.7.3/armv7e-m/crtbegin.o
 .eh_frame      0x08004088        0x4 e:/apps/emblocks/share/em_armgcc/bin/../lib/gcc/arm-none-eabi/4.7.3/armv7e-m/crtend.o

.glue_7         0x0800408c        0x0
 .glue_7        0x00000000        0x0 linker stubs

.glue_7t        0x0800408c        0x0
 .glue_7t       0x00000000        0x0 linker stubs

.vfp11_veneer   0x0800408c        0x0
 .vfp11_veneer  0x00000000        0x0 linker stubs

.v4_bx          0x0800408c        0x0
 .v4_bx         0x00000000        0x0 linker stubs

.iplt           0x0800408c        0x0
 .iplt          0x00000000        0x0 e:/apps/emblocks/share/em_armgcc/bin/../lib/gcc/arm-none-eabi/4.7.3/armv7e-m/crtbegin.o

.ARM.extab
 *(.ARM.extab* .gnu.linkonce.armextab.*)
                0x0800408c                __exidx_start = .

.ARM.exidx      0x0800408c        0x8
 *(.ARM.exidx* .gnu.linkonce.armexidx.*)
 .ARM.exidx     0x0800408c        0x8 e:/apps/emblocks/share/em_armgcc/bin/../lib/gcc/arm-none-eabi/4.7.3/../../../../arm-none-eabi/lib/armv7e-m/crt0.o
                0x08004094                __exidx_end = .
                0x08004094                __etext = .

.rel.dyn        0x08004094        0x0
 .rel.iplt      0x00000000        0x0 e:/apps/emblocks/share/em_armgcc/bin/../lib/gcc/arm-none-eabi/4.7.3/armv7e-m/crtbegin.o

.data           0x20000000       0x8c load address 0x08004094
                0x20000000                __data_start__ = .
 *(vtable)
 *(.data*)
 .data.APBAHBPrescTable
                0x20000000       0x10 obj\debug\spl\src\stm32f37x_rcc.o
 .data.ADCPrescTable
                0x20000010        0x4 obj\debug\spl\src\stm32f37x_rcc.o
 .data.SDADCPrescTable
                0x20000014       0x10 obj\debug\spl\src\stm32f37x_rcc.o
 .data.impure_data
                0x20000024       0x60 e:/apps/emblocks/share/em_armgcc/bin/../lib/gcc/arm-none-eabi/4.7.3/../../../../arm-none-eabi/lib/armv7e-m\libc_n.a(lib_a-impure.o)
                0x20000084                . = ALIGN (0x4)
                0x20000084                PROVIDE (__preinit_array_start, .)
 *(.preinit_array)
                0x20000084                PROVIDE (__preinit_array_end, .)
                0x20000084                . = ALIGN (0x4)
                0x20000084                PROVIDE (__init_array_start, .)
 *(SORT(.init_array.*))
 *(.init_array)
 .init_array    0x20000084        0x4 e:/apps/emblocks/share/em_armgcc/bin/../lib/gcc/arm-none-eabi/4.7.3/armv7e-m/crtbegin.o
                0x20000088                PROVIDE (__init_array_end, .)
                0x20000088                . = ALIGN (0x4)
                0x20000088                PROVIDE (__fini_array_start, .)
 *(SORT(.fini_array.*))
 *(.fini_array)
 .fini_array    0x20000088        0x4 e:/apps/emblocks/share/em_armgcc/bin/../lib/gcc/arm-none-eabi/4.7.3/armv7e-m/crtbegin.o
                0x2000008c                PROVIDE (__fini_array_end, .)
                0x2000008c                . = ALIGN (0x4)
                0x2000008c                __data_end__ = .

.jcr            0x2000008c        0x0 load address 0x08004120
 .jcr           0x2000008c        0x0 e:/apps/emblocks/share/em_armgcc/bin/../lib/gcc/arm-none-eabi/4.7.3/armv7e-m/crtbegin.o

.igot.plt       0x2000008c        0x0 load address 0x08004120
 .igot.plt      0x00000000        0x0 e:/apps/emblocks/share/em_armgcc/bin/../lib/gcc/arm-none-eabi/4.7.3/armv7e-m/crtbegin.o

.bss            0x20000090      0x186 load address 0x08004128
                0x20000090                __bss_start__ = .
 *(.bss*)
 .bss           0x20000090       0x1c e:/apps/emblocks/share/em_armgcc/bin/../lib/gcc/arm-none-eabi/4.7.3/armv7e-m/crtbegin.o
 .bss.dir       0x200000ac        0x1 obj\debug\src\it_routines.o
                0x200000ac                dir
 *fill*         0x200000ad        0x3 
 .bss.freq_t    0x200000b0        0x8 obj\debug\src\it_routines.o
                0x200000b0                freq_t
 .bss.status    0x200000b8        0x1 obj\debug\src\it_routines.o
                0x200000b8                status
 *fill*         0x200000b9        0x3 
 .bss.msg       0x200000bc       0x24 obj\debug\src\communications.o
                0x200000bc                msg
 .bss.msg_buffer
                0x200000e0      0x104 obj\debug\src\communications.o
                0x200000e0                msg_buffer
 *(COMMON)
 COMMON         0x200001e4       0x32 obj\debug\src\tools.o
                0x200001e4                dev_info
                0x20000216                __bss_end__ = .

.heap           0x20000218        0x0
                0x20000218                __end__ = .
                0x20000218                end = __end__
 *(.heap*)
 .heap          0x20000218        0x0 obj\debug\src\startup_stm32f37x.o
                0x20000218                __HeapLimit = .

.stack_dummy    0x20000218      0x100
 *(.stack)
 .stack         0x20000218      0x100 obj\debug\src\startup_stm32f37x.o
                0x20008000                __StackTop = (ORIGIN (RAM) + 0x8000)
                0x20007f00                __StackLimit = (__StackTop - SIZEOF (.stack_dummy))
                0x20008000                PROVIDE (__stack, __StackTop)
                0x00000001                ASSERT ((__StackLimit >= __HeapLimit), region RAM overflowed with stack)
LOAD obj\debug\spl\src\stm32f37x_adc.o
LOAD obj\debug\spl\src\stm32f37x_can.o
LOAD obj\debug\spl\src\stm32f37x_cec.o
LOAD obj\debug\spl\src\stm32f37x_comp.o
LOAD obj\debug\spl\src\stm32f37x_crc.o
LOAD obj\debug\spl\src\stm32f37x_dac.o
LOAD obj\debug\spl\src\stm32f37x_dbgmcu.o
LOAD obj\debug\spl\src\stm32f37x_dma.o
LOAD obj\debug\spl\src\stm32f37x_exti.o
LOAD obj\debug\spl\src\stm32f37x_flash.o
LOAD obj\debug\spl\src\stm32f37x_gpio.o
LOAD obj\debug\spl\src\stm32f37x_i2c.o
LOAD obj\debug\spl\src\stm32f37x_iwdg.o
LOAD obj\debug\spl\src\stm32f37x_misc.o
LOAD obj\debug\spl\src\stm32f37x_pwr.o
LOAD obj\debug\spl\src\stm32f37x_rcc.o
LOAD obj\debug\spl\src\stm32f37x_rtc.o
LOAD obj\debug\spl\src\stm32f37x_sdadc.o
LOAD obj\debug\spl\src\stm32f37x_spi.o
LOAD obj\debug\spl\src\stm32f37x_syscfg.o
LOAD obj\debug\spl\src\stm32f37x_tim.o
LOAD obj\debug\spl\src\stm32f37x_usart.o
LOAD obj\debug\spl\src\stm32f37x_wwdg.o
LOAD obj\debug\src\it_routines.o
LOAD obj\debug\src\m95160_eeprom.o
LOAD obj\debug\src\pp_prot.o
LOAD obj\debug\src\communications.o
LOAD obj\debug\src\config.o
LOAD obj\debug\src\gpio_p.o
LOAD obj\debug\src\main.o
LOAD obj\debug\src\startup_stm32f37x.o
LOAD obj\debug\src\system_stm32f37x.o
LOAD obj\debug\src\tools.o
START GROUP
LOAD e:/apps/emblocks/share/em_armgcc/bin/../lib/gcc/arm-none-eabi/4.7.3/armv7e-m\libgcc.a
LOAD e:/apps/emblocks/share/em_armgcc/bin/../lib/gcc/arm-none-eabi/4.7.3/../../../../arm-none-eabi/lib/armv7e-m\libc_n.a
LOAD e:/apps/emblocks/share/em_armgcc/bin/../lib/gcc/arm-none-eabi/4.7.3/../../../../arm-none-eabi/lib/armv7e-m\libg_n.a
LOAD e:/apps/emblocks/share/em_armgcc/bin/../lib/gcc/arm-none-eabi/4.7.3/../../../../arm-none-eabi/lib/armv7e-m\libnosys.a
END GROUP
LOAD e:/apps/emblocks/share/em_armgcc/bin/../lib/gcc/arm-none-eabi/4.7.3/armv7e-m/crtend.o
LOAD e:/apps/emblocks/share/em_armgcc/bin/../lib/gcc/arm-none-eabi/4.7.3/armv7e-m/crtn.o
OUTPUT(bin\Debug\turbinef373.elf elf32-littlearm)

.ARM.attributes
                0x00000000       0x2a
 .ARM.attributes
                0x00000000       0x1e e:/apps/emblocks/share/em_armgcc/bin/../lib/gcc/arm-none-eabi/4.7.3/armv7e-m/crti.o
 .ARM.attributes
                0x0000001e       0x2e e:/apps/emblocks/share/em_armgcc/bin/../lib/gcc/arm-none-eabi/4.7.3/armv7e-m/crtbegin.o
 .ARM.attributes
                0x0000004c       0x1c e:/apps/emblocks/share/em_armgcc/bin/../lib/gcc/arm-none-eabi/4.7.3/../../../../arm-none-eabi/lib/armv7e-m/crt0.o
 .ARM.attributes
                0x00000068       0x33 obj\debug\spl\src\stm32f37x_exti.o
 .ARM.attributes
                0x0000009b       0x33 obj\debug\spl\src\stm32f37x_gpio.o
 .ARM.attributes
                0x000000ce       0x33 obj\debug\spl\src\stm32f37x_misc.o
 .ARM.attributes
                0x00000101       0x33 obj\debug\spl\src\stm32f37x_rcc.o
 .ARM.attributes
                0x00000134       0x33 obj\debug\spl\src\stm32f37x_spi.o
 .ARM.attributes
                0x00000167       0x33 obj\debug\spl\src\stm32f37x_syscfg.o
 .ARM.attributes
                0x0000019a       0x33 obj\debug\spl\src\stm32f37x_tim.o
 .ARM.attributes
                0x000001cd       0x33 obj\debug\spl\src\stm32f37x_usart.o
 .ARM.attributes
                0x00000200       0x33 obj\debug\src\it_routines.o
 .ARM.attributes
                0x00000233       0x33 obj\debug\src\m95160_eeprom.o
 .ARM.attributes
                0x00000266       0x33 obj\debug\src\pp_prot.o
 .ARM.attributes
                0x00000299       0x33 obj\debug\src\communications.o
 .ARM.attributes
                0x000002cc       0x33 obj\debug\src\config.o
 .ARM.attributes
                0x000002ff       0x33 obj\debug\src\gpio_p.o
 .ARM.attributes
                0x00000332       0x33 obj\debug\src\main.o
 .ARM.attributes
                0x00000365       0x1b obj\debug\src\startup_stm32f37x.o
 .ARM.attributes
                0x00000380       0x33 obj\debug\src\system_stm32f37x.o
 .ARM.attributes
                0x000003b3       0x33 obj\debug\src\tools.o
 .ARM.attributes
                0x000003e6       0x1e e:/apps/emblocks/share/em_armgcc/bin/../lib/gcc/arm-none-eabi/4.7.3/armv7e-m\libgcc.a(_arm_addsubdf3.o)
 .ARM.attributes
                0x00000404       0x1e e:/apps/emblocks/share/em_armgcc/bin/../lib/gcc/arm-none-eabi/4.7.3/armv7e-m\libgcc.a(_arm_muldivdf3.o)
 .ARM.attributes
                0x00000422       0x1e e:/apps/emblocks/share/em_armgcc/bin/../lib/gcc/arm-none-eabi/4.7.3/armv7e-m\libgcc.a(_arm_fixdfsi.o)
 .ARM.attributes
                0x00000440       0x2e e:/apps/emblocks/share/em_armgcc/bin/../lib/gcc/arm-none-eabi/4.7.3/../../../../arm-none-eabi/lib/armv7e-m\libc_n.a(lib_a-exit.o)
 .ARM.attributes
                0x0000046e       0x2e e:/apps/emblocks/share/em_armgcc/bin/../lib/gcc/arm-none-eabi/4.7.3/../../../../arm-none-eabi/lib/armv7e-m\libc_n.a(lib_a-impure.o)
 .ARM.attributes
                0x0000049c       0x2e e:/apps/emblocks/share/em_armgcc/bin/../lib/gcc/arm-none-eabi/4.7.3/../../../../arm-none-eabi/lib/armv7e-m\libc_n.a(lib_a-init.o)
 .ARM.attributes
                0x000004ca       0x2e e:/apps/emblocks/share/em_armgcc/bin/../lib/gcc/arm-none-eabi/4.7.3/../../../../arm-none-eabi/lib/armv7e-m\libc_n.a(lib_a-memset.o)
 .ARM.attributes
                0x000004f8       0x2e e:/apps/emblocks/share/em_armgcc/bin/../lib/gcc/arm-none-eabi/4.7.3/../../../../arm-none-eabi/lib/armv7e-m\libnosys.a(_exit.o)
 .ARM.attributes
                0x00000526       0x2e e:/apps/emblocks/share/em_armgcc/bin/../lib/gcc/arm-none-eabi/4.7.3/armv7e-m/crtend.o
 .ARM.attributes
                0x00000554       0x1e e:/apps/emblocks/share/em_armgcc/bin/../lib/gcc/arm-none-eabi/4.7.3/armv7e-m/crtn.o

.comment        0x00000000       0x38
 .comment       0x00000000       0x38 obj\debug\spl\src\stm32f37x_exti.o
                                 0x39 (size before relaxing)
 .comment       0x00000000       0x39 obj\debug\spl\src\stm32f37x_gpio.o
 .comment       0x00000000       0x39 obj\debug\spl\src\stm32f37x_misc.o
 .comment       0x00000000       0x39 obj\debug\spl\src\stm32f37x_rcc.o
 .comment       0x00000000       0x39 obj\debug\spl\src\stm32f37x_spi.o
 .comment       0x00000000       0x39 obj\debug\spl\src\stm32f37x_syscfg.o
 .comment       0x00000000       0x39 obj\debug\spl\src\stm32f37x_tim.o
 .comment       0x00000000       0x39 obj\debug\spl\src\stm32f37x_usart.o
 .comment       0x00000000       0x39 obj\debug\src\it_routines.o
 .comment       0x00000000       0x39 obj\debug\src\m95160_eeprom.o
 .comment       0x00000000       0x39 obj\debug\src\pp_prot.o
 .comment       0x00000000       0x39 obj\debug\src\communications.o
 .comment       0x00000000       0x39 obj\debug\src\config.o
 .comment       0x00000000       0x39 obj\debug\src\gpio_p.o
 .comment       0x00000000       0x39 obj\debug\src\main.o
 .comment       0x00000000       0x39 obj\debug\src\system_stm32f37x.o
 .comment       0x00000000       0x39 obj\debug\src\tools.o

.debug_info     0x00000000     0x84e7
 .debug_info    0x00000000      0x393 obj\debug\spl\src\stm32f37x_exti.o
 .debug_info    0x00000393      0x66f obj\debug\spl\src\stm32f37x_gpio.o
 .debug_info    0x00000a02      0x5bb obj\debug\spl\src\stm32f37x_misc.o
 .debug_info    0x00000fbd      0xb5b obj\debug\spl\src\stm32f37x_rcc.o
 .debug_info    0x00001b18      0xbfa obj\debug\spl\src\stm32f37x_spi.o
 .debug_info    0x00002712      0x37b obj\debug\spl\src\stm32f37x_syscfg.o
 .debug_info    0x00002a8d     0x1e59 obj\debug\spl\src\stm32f37x_tim.o
 .debug_info    0x000048e6      0xfe7 obj\debug\spl\src\stm32f37x_usart.o
 .debug_info    0x000058cd      0x4f1 obj\debug\src\it_routines.o
 .debug_info    0x00005dbe      0x664 obj\debug\src\m95160_eeprom.o
 .debug_info    0x00006422      0x3d0 obj\debug\src\pp_prot.o
 .debug_info    0x000067f2      0x666 obj\debug\src\communications.o
 .debug_info    0x00006e58      0xb7b obj\debug\src\config.o
 .debug_info    0x000079d3      0x207 obj\debug\src\gpio_p.o
 .debug_info    0x00007bda       0xfe obj\debug\src\main.o
 .debug_info    0x00007cd8       0x8e obj\debug\src\startup_stm32f37x.o
 .debug_info    0x00007d66      0x512 obj\debug\src\system_stm32f37x.o
 .debug_info    0x00008278      0x26f obj\debug\src\tools.o

.debug_abbrev   0x00000000     0x1760
 .debug_abbrev  0x00000000      0x1ac obj\debug\spl\src\stm32f37x_exti.o
 .debug_abbrev  0x000001ac      0x19b obj\debug\spl\src\stm32f37x_gpio.o
 .debug_abbrev  0x00000347      0x12e obj\debug\spl\src\stm32f37x_misc.o
 .debug_abbrev  0x00000475      0x1ea obj\debug\spl\src\stm32f37x_rcc.o
 .debug_abbrev  0x0000065f      0x19f obj\debug\spl\src\stm32f37x_spi.o
 .debug_abbrev  0x000007fe      0x161 obj\debug\spl\src\stm32f37x_syscfg.o
 .debug_abbrev  0x0000095f      0x18e obj\debug\spl\src\stm32f37x_tim.o
 .debug_abbrev  0x00000aed      0x15c obj\debug\spl\src\stm32f37x_usart.o
 .debug_abbrev  0x00000c49      0x113 obj\debug\src\it_routines.o
 .debug_abbrev  0x00000d5c      0x175 obj\debug\src\m95160_eeprom.o
 .debug_abbrev  0x00000ed1      0x199 obj\debug\src\pp_prot.o
 .debug_abbrev  0x0000106a      0x1d3 obj\debug\src\communications.o
 .debug_abbrev  0x0000123d      0x132 obj\debug\src\config.o
 .debug_abbrev  0x0000136f       0xc7 obj\debug\src\gpio_p.o
 .debug_abbrev  0x00001436       0xad obj\debug\src\main.o
 .debug_abbrev  0x000014e3       0x14 obj\debug\src\startup_stm32f37x.o
 .debug_abbrev  0x000014f7      0x13d obj\debug\src\system_stm32f37x.o
 .debug_abbrev  0x00001634      0x12c obj\debug\src\tools.o

.debug_loc      0x00000000     0x3c7d
 .debug_loc     0x00000000      0x1b4 obj\debug\spl\src\stm32f37x_exti.o
 .debug_loc     0x000001b4      0x2d8 obj\debug\spl\src\stm32f37x_gpio.o
 .debug_loc     0x0000048c      0x118 obj\debug\spl\src\stm32f37x_misc.o
 .debug_loc     0x000005a4      0x864 obj\debug\spl\src\stm32f37x_rcc.o
 .debug_loc     0x00000e08      0x6ca obj\debug\spl\src\stm32f37x_spi.o
 .debug_loc     0x000014d2      0x224 obj\debug\spl\src\stm32f37x_syscfg.o
 .debug_loc     0x000016f6     0x13e8 obj\debug\spl\src\stm32f37x_tim.o
 .debug_loc     0x00002ade      0xaba obj\debug\spl\src\stm32f37x_usart.o
 .debug_loc     0x00003598       0x90 obj\debug\src\it_routines.o
 .debug_loc     0x00003628      0x192 obj\debug\src\m95160_eeprom.o
 .debug_loc     0x000037ba       0xd6 obj\debug\src\pp_prot.o
 .debug_loc     0x00003890       0xc9 obj\debug\src\communications.o
 .debug_loc     0x00003959      0x170 obj\debug\src\config.o
 .debug_loc     0x00003ac9       0x38 obj\debug\src\gpio_p.o
 .debug_loc     0x00003b01       0x2c obj\debug\src\main.o
 .debug_loc     0x00003b2d       0x9c obj\debug\src\system_stm32f37x.o
 .debug_loc     0x00003bc9       0xb4 obj\debug\src\tools.o

.debug_aranges  0x00000000      0xa78
 .debug_aranges
                0x00000000       0x58 obj\debug\spl\src\stm32f37x_exti.o
 .debug_aranges
                0x00000058       0x80 obj\debug\spl\src\stm32f37x_gpio.o
 .debug_aranges
                0x000000d8       0x40 obj\debug\spl\src\stm32f37x_misc.o
 .debug_aranges
                0x00000118      0x150 obj\debug\spl\src\stm32f37x_rcc.o
 .debug_aranges
                0x00000268      0x110 obj\debug\spl\src\stm32f37x_spi.o
 .debug_aranges
                0x00000378       0x68 obj\debug\spl\src\stm32f37x_syscfg.o
 .debug_aranges
                0x000003e0      0x2f0 obj\debug\spl\src\stm32f37x_tim.o
 .debug_aranges
                0x000006d0      0x1a0 obj\debug\spl\src\stm32f37x_usart.o
 .debug_aranges
                0x00000870       0x30 obj\debug\src\it_routines.o
 .debug_aranges
                0x000008a0       0x58 obj\debug\src\m95160_eeprom.o
 .debug_aranges
                0x000008f8       0x38 obj\debug\src\pp_prot.o
 .debug_aranges
                0x00000930       0x38 obj\debug\src\communications.o
 .debug_aranges
                0x00000968       0x50 obj\debug\src\config.o
 .debug_aranges
                0x000009b8       0x20 obj\debug\src\gpio_p.o
 .debug_aranges
                0x000009d8       0x20 obj\debug\src\main.o
 .debug_aranges
                0x000009f8       0x20 obj\debug\src\startup_stm32f37x.o
 .debug_aranges
                0x00000a18       0x30 obj\debug\src\system_stm32f37x.o
 .debug_aranges
                0x00000a48       0x30 obj\debug\src\tools.o

.debug_ranges   0x00000000      0x948
 .debug_ranges  0x00000000       0x48 obj\debug\spl\src\stm32f37x_exti.o
 .debug_ranges  0x00000048       0x70 obj\debug\spl\src\stm32f37x_gpio.o
 .debug_ranges  0x000000b8       0x30 obj\debug\spl\src\stm32f37x_misc.o
 .debug_ranges  0x000000e8      0x140 obj\debug\spl\src\stm32f37x_rcc.o
 .debug_ranges  0x00000228      0x100 obj\debug\spl\src\stm32f37x_spi.o
 .debug_ranges  0x00000328       0x58 obj\debug\spl\src\stm32f37x_syscfg.o
 .debug_ranges  0x00000380      0x2e0 obj\debug\spl\src\stm32f37x_tim.o
 .debug_ranges  0x00000660      0x190 obj\debug\spl\src\stm32f37x_usart.o
 .debug_ranges  0x000007f0       0x20 obj\debug\src\it_routines.o
 .debug_ranges  0x00000810       0x48 obj\debug\src\m95160_eeprom.o
 .debug_ranges  0x00000858       0x28 obj\debug\src\pp_prot.o
 .debug_ranges  0x00000880       0x28 obj\debug\src\communications.o
 .debug_ranges  0x000008a8       0x40 obj\debug\src\config.o
 .debug_ranges  0x000008e8       0x10 obj\debug\src\gpio_p.o
 .debug_ranges  0x000008f8       0x10 obj\debug\src\main.o
 .debug_ranges  0x00000908       0x20 obj\debug\src\system_stm32f37x.o
 .debug_ranges  0x00000928       0x20 obj\debug\src\tools.o

.debug_macro    0x00000000     0x365e
 .debug_macro   0x00000000      0x189 obj\debug\spl\src\stm32f37x_exti.o
 .debug_macro   0x00000189       0xd6 obj\debug\spl\src\stm32f37x_exti.o
 .debug_macro   0x0000025f      0x183 obj\debug\spl\src\stm32f37x_gpio.o
 .debug_macro   0x000003e2      0x1a9 obj\debug\spl\src\stm32f37x_gpio.o
 .debug_macro   0x0000058b      0x189 obj\debug\spl\src\stm32f37x_misc.o
 .debug_macro   0x00000714       0x82 obj\debug\spl\src\stm32f37x_misc.o
 .debug_macro   0x00000796      0x213 obj\debug\spl\src\stm32f37x_rcc.o
 .debug_macro   0x000009a9      0x56c obj\debug\spl\src\stm32f37x_rcc.o
 .debug_macro   0x00000f15      0x19b obj\debug\spl\src\stm32f37x_spi.o
 .debug_macro   0x000010b0      0x389 obj\debug\spl\src\stm32f37x_spi.o
 .debug_macro   0x00001439      0x189 obj\debug\spl\src\stm32f37x_syscfg.o
 .debug_macro   0x000015c2      0x162 obj\debug\spl\src\stm32f37x_syscfg.o
 .debug_macro   0x00001724      0x19f obj\debug\spl\src\stm32f37x_tim.o
 .debug_macro   0x000018c3      0x74a obj\debug\spl\src\stm32f37x_tim.o
 .debug_macro   0x0000200d      0x19b obj\debug\spl\src\stm32f37x_usart.o
 .debug_macro   0x000021a8      0x341 obj\debug\spl\src\stm32f37x_usart.o
 .debug_macro   0x000024e9      0x1ea obj\debug\src\it_routines.o
 .debug_macro   0x000026d3       0x1c obj\debug\src\it_routines.o
 .debug_macro   0x000026ef       0x76 obj\debug\src\it_routines.o
 .debug_macro   0x00002765       0x34 obj\debug\src\it_routines.o
 .debug_macro   0x00002799       0x1c obj\debug\src\it_routines.o
 .debug_macro   0x000027b5       0x1c obj\debug\src\it_routines.o
 .debug_macro   0x000027d1      0x1de obj\debug\src\m95160_eeprom.o
 .debug_macro   0x000029af      0x1de obj\debug\src\pp_prot.o
 .debug_macro   0x00002b8d      0x1de obj\debug\src\communications.o
 .debug_macro   0x00002d6b      0x1de obj\debug\src\config.o
 .debug_macro   0x00002f49      0x1da obj\debug\src\gpio_p.o
 .debug_macro   0x00003123      0x1de obj\debug\src\main.o
 .debug_macro   0x00003301      0x17f obj\debug\src\system_stm32f37x.o
 .debug_macro   0x00003480      0x1de obj\debug\src\tools.o

.debug_line     0x00000000     0x6931
 .debug_line    0x00000000      0x511 obj\debug\spl\src\stm32f37x_exti.o
 .debug_line    0x00000511      0x591 obj\debug\spl\src\stm32f37x_gpio.o
 .debug_line    0x00000aa2      0x4c5 obj\debug\spl\src\stm32f37x_misc.o
 .debug_line    0x00000f67      0x7c7 obj\debug\spl\src\stm32f37x_rcc.o
 .debug_line    0x0000172e      0x71a obj\debug\spl\src\stm32f37x_spi.o
 .debug_line    0x00001e48      0x52b obj\debug\spl\src\stm32f37x_syscfg.o
 .debug_line    0x00002373      0xc97 obj\debug\spl\src\stm32f37x_tim.o
 .debug_line    0x0000300a      0x869 obj\debug\spl\src\stm32f37x_usart.o
 .debug_line    0x00003873      0x507 obj\debug\src\it_routines.o
 .debug_line    0x00003d7a      0x5f3 obj\debug\src\m95160_eeprom.o
 .debug_line    0x0000436d      0x57b obj\debug\src\pp_prot.o
 .debug_line    0x000048e8      0x5f6 obj\debug\src\communications.o
 .debug_line    0x00004ede      0x5b2 obj\debug\src\config.o
 .debug_line    0x00005490      0x4d0 obj\debug\src\gpio_p.o
 .debug_line    0x00005960      0x4cf obj\debug\src\main.o
 .debug_line    0x00005e2f       0xba obj\debug\src\startup_stm32f37x.o
 .debug_line    0x00005ee9      0x4d8 obj\debug\src\system_stm32f37x.o
 .debug_line    0x000063c1      0x570 obj\debug\src\tools.o

.debug_str      0x00000000    0x4b2b3
 .debug_str     0x00000000    0x47fb3 obj\debug\spl\src\stm32f37x_exti.o
                              0x48147 (size before relaxing)
 .debug_str     0x00047fb3      0x2d3 obj\debug\spl\src\stm32f37x_gpio.o
                              0x48275 (size before relaxing)
 .debug_str     0x00048286      0x241 obj\debug\spl\src\stm32f37x_misc.o
                              0x481ce (size before relaxing)
 .debug_str     0x000484c7      0x993 obj\debug\spl\src\stm32f37x_rcc.o
                              0x4897d (size before relaxing)
 .debug_str     0x00048e5a      0x4d9 obj\debug\spl\src\stm32f37x_spi.o
                              0x485d1 (size before relaxing)
 .debug_str     0x00049333      0x1cb obj\debug\spl\src\stm32f37x_syscfg.o
                              0x4815f (size before relaxing)
 .debug_str     0x000494fe      0xbbc obj\debug\spl\src\stm32f37x_tim.o
                              0x48c19 (size before relaxing)
 .debug_str     0x0004a0ba      0x7e5 obj\debug\spl\src\stm32f37x_usart.o
                              0x488c2 (size before relaxing)
 .debug_str     0x0004a89f      0x2c0 obj\debug\src\it_routines.o
                              0x48354 (size before relaxing)
 .debug_str     0x0004ab5f       0xa6 obj\debug\src\m95160_eeprom.o
                              0x484f1 (size before relaxing)
 .debug_str     0x0004ac05       0x78 obj\debug\src\pp_prot.o
                              0x4828b (size before relaxing)
 .debug_str     0x0004ac7d       0xa6 obj\debug\src\communications.o
                              0x48372 (size before relaxing)
 .debug_str     0x0004ad23      0x4a2 obj\debug\src\config.o
                              0x48b76 (size before relaxing)
 .debug_str     0x0004b1c5       0x1d obj\debug\src\gpio_p.o
                              0x48212 (size before relaxing)
 .debug_str     0x0004b1e2       0x10 obj\debug\src\main.o
                              0x4818f (size before relaxing)
 .debug_str     0x0004b1f2       0x83 obj\debug\src\system_stm32f37x.o
                              0x480ee (size before relaxing)
 .debug_str     0x0004b275       0x3e obj\debug\src\tools.o
                              0x4825a (size before relaxing)

.debug_frame    0x00000000     0x20bc
 .debug_frame   0x00000000       0xec obj\debug\spl\src\stm32f37x_exti.o
 .debug_frame   0x000000ec      0x180 obj\debug\spl\src\stm32f37x_gpio.o
 .debug_frame   0x0000026c       0x9c obj\debug\spl\src\stm32f37x_misc.o
 .debug_frame   0x00000308      0x44c obj\debug\spl\src\stm32f37x_rcc.o
 .debug_frame   0x00000754      0x37c obj\debug\spl\src\stm32f37x_spi.o
 .debug_frame   0x00000ad0      0x128 obj\debug\spl\src\stm32f37x_syscfg.o
 .debug_frame   0x00000bf8      0xa20 obj\debug\spl\src\stm32f37x_tim.o
 .debug_frame   0x00001618      0x574 obj\debug\spl\src\stm32f37x_usart.o
 .debug_frame   0x00001b8c       0x68 obj\debug\src\it_routines.o
 .debug_frame   0x00001bf4      0x100 obj\debug\src\m95160_eeprom.o
 .debug_frame   0x00001cf4       0x88 obj\debug\src\pp_prot.o
 .debug_frame   0x00001d7c       0x94 obj\debug\src\communications.o
 .debug_frame   0x00001e10       0xe8 obj\debug\src\config.o
 .debug_frame   0x00001ef8       0x30 obj\debug\src\gpio_p.o
 .debug_frame   0x00001f28       0x2c obj\debug\src\main.o
 .debug_frame   0x00001f54       0x64 obj\debug\src\system_stm32f37x.o
 .debug_frame   0x00001fb8       0x70 obj\debug\src\tools.o
 .debug_frame   0x00002028       0x28 e:/apps/emblocks/share/em_armgcc/bin/../lib/gcc/arm-none-eabi/4.7.3/../../../../arm-none-eabi/lib/armv7e-m\libc_n.a(lib_a-exit.o)
 .debug_frame   0x00002050       0x2c e:/apps/emblocks/share/em_armgcc/bin/../lib/gcc/arm-none-eabi/4.7.3/../../../../arm-none-eabi/lib/armv7e-m\libc_n.a(lib_a-init.o)
 .debug_frame   0x0000207c       0x20 e:/apps/emblocks/share/em_armgcc/bin/../lib/gcc/arm-none-eabi/4.7.3/../../../../arm-none-eabi/lib/armv7e-m\libc_n.a(lib_a-memset.o)
 .debug_frame   0x0000209c       0x20 e:/apps/emblocks/share/em_armgcc/bin/../lib/gcc/arm-none-eabi/4.7.3/../../../../arm-none-eabi/lib/armv7e-m\libnosys.a(_exit.o)
